============================================================================================
MMD 시간분할(Step 2) — 커널 비교
============================================================================================
설정: T=1000(5배 다운샘플) · L_min=100 · 깊이≤5 · α=0.05(제 선택) · 순열 200회(제 선택) · 레코드 5건

[양성 대조] 평균이 확 바뀌는 인공 신호에 심은 변화점을 잡는가?
  gaussian(논문)     tau=1.312e-02 절단점=[500] → 심은 500 근처 검출: ✅
  laplacian        tau=7.504e-03 절단점=[500] → 심은 500 근처 검출: ✅
  [음성 대조] 변화점이 없는 신호에서는 안 잡아야 한다
  gaussian(논문)     절단점=[] → ✅ 없음
  laplacian        절단점=[206] → ⚠️ 거짓 검출

── 레코드 #0 (T=1000)
   사지(limb)     gaussian(논문)     J= 7 절단점=[183, 283, 417, 698, 798, 898]
   사지(limb)     laplacian        J= 7 절단점=[183, 283, 417, 517, 798, 899]
                → 동일=X · 10시점이내=X
   흉부(chest)    gaussian(논문)     J= 6 절단점=[100, 200, 365, 799, 900]
   흉부(chest)    laplacian        J= 6 절단점=[100, 200, 365, 800, 900]
                → 동일=X · 10시점이내=O

── 레코드 #1 (T=1000)
   사지(limb)     gaussian(논문)     J= 6 절단점=[106, 280, 584, 782, 895]
   사지(limb)     laplacian        J= 6 절단점=[105, 280, 584, 782, 894]
                → 동일=X · 10시점이내=O
   흉부(chest)    gaussian(논문)     J= 8 절단점=[100, 241, 366, 466, 627, 737, 879]
   흉부(chest)    laplacian        J= 8 절단점=[108, 241, 365, 467, 627, 737, 881]
                → 동일=X · 10시점이내=O

── 레코드 #2 (T=1000)
   사지(limb)     gaussian(논문)     J= 7 절단점=[100, 207, 307, 407, 743, 900]
   사지(limb)     laplacian        J= 7 절단점=[100, 209, 309, 409, 743, 900]
                → 동일=X · 10시점이내=O
   흉부(chest)    gaussian(논문)     J= 6 절단점=[111, 217, 336, 761, 861]
   흉부(chest)    laplacian        J= 6 절단점=[111, 218, 336, 787, 888]
                → 동일=X · 10시점이내=X

── 레코드 #3 (T=1000)
   사지(limb)     gaussian(논문)     J= 7 절단점=[118, 220, 502, 651, 795, 900]
   사지(limb)     laplacian        J= 7 절단점=[110, 219, 502, 651, 752, 900]
                → 동일=X · 10시점이내=X
   흉부(chest)    gaussian(논문)     J= 8 절단점=[100, 220, 330, 458, 651, 765, 887]
   흉부(chest)    laplacian        J= 8 절단점=[100, 220, 329, 458, 651, 762, 887]
                → 동일=X · 10시점이내=O

── 레코드 #4 (T=1000)
   사지(limb)     gaussian(논문)     J= 6 절단점=[100, 200, 343, 719, 819]
   사지(limb)     laplacian        J= 6 절단점=[100, 200, 333, 726, 826]
                → 동일=X · 10시점이내=O
   흉부(chest)    gaussian(논문)     J= 7 절단점=[100, 252, 392, 492, 800, 900]
   흉부(chest)    laplacian        J= 7 절단점=[100, 261, 392, 492, 800, 900]
                → 동일=X · 10시점이내=O

============================================================================================
요약 — (레코드×그룹) 10건 중 절단점 완전 동일: 0/10
============================================================================================
⚠️ 해석은 사람이 한다. 이 스크립트는 '달라지는가/같은가'의 재료만 낸다.
⚠️ α·순열횟수·T·레코드수는 논문에 없어 내가 정했다 — 발표에서 반드시 밝힐 것.
